
Hexadecimal

Area                               Addr   Size   Decimal Bytes (Attributes)
--------------------------------   ----   ----   ------- ----- ------------
CABS                               0000   0000 =      0. bytes (ABS,CON,CODE)

      Value  Global
   --------  --------------------------------
  0C:FFFFFF00    s_BSEG
  0C:0000    l_BIT_BANK
  0C:0000    l_BSEG
  0C:0000    l_BSEG_BYTES
  0C:0000    l_CABS
  0C:0000    l_GSINIT1
  0C:0000    l_GSINIT5
  0C:0000    l_IABS
  0C:0000    l_ISEG
  0C:0000    l_PSEG
  0C:0000    l_REG_BANK_1
  0C:0000    l_REG_BANK_2
  0C:0000    l_REG_BANK_3
  0C:0000    l_RSEG
  0C:0000    l_XABS
  0C:0000    l_XINIT
  0C:0000    l_XISEG
  0C:0000    l__CODE
  0C:0000    s_BSEG_BYTES
  0C:0000    s_CABS
  0C:0000    s_DSEG
  0C:0000    s_HOME
  0C:0000    s_IABS
  0C:0000    s_ISEG
  0C:0000    s_REG_BANK_0
  0C:0000    s_XABS
  0C:0003    l_GSFINAL
  0C:0003    l_GSINIT0
  0C:0008    l_REG_BANK_0
  0C:0008    s_REG_BANK_1
  0C:0009    l_GSINIT
  0C:000A    l_GSINIT2
  0C:000B    l_HOME
  0C:000B    l_OSEG
  0C:000B    s_GSINIT0
  0C:000E    s_GSINIT1
  0C:000E    s_GSINIT2
  0C:0010    s_REG_BANK_2
  0C:0018    s_BIT_BANK
  0C:0018    s_GSINIT3
  0C:0018    s_REG_BANK_3
  0C:001F    s_OSEG
  0C:0020    s__CODE
  0C:0022    l_GSINIT3
  0C:002A    l_GSINIT4
  0C:002A    s_RSEG
  0C:002A    s_SSEG
  0C:003A    s_GSINIT4
  0C:0064    s_GSINIT
  0C:0064    s_GSINIT5
  0C:006D    s_GSFINAL
  0C:0070    s_CSEG
  0C:0080    l_DSEG
  0C:00C2    l_CONST
  0C:00D6    l_SSEG
  0C:00FF    l_XSEG
  0C:0100    l_IRAM
  0C:077A    l_CSEG
  0C:07EA    s_CONST
  0C:08AC    s_XINIT
  0C:F000    s_PSEG
  0C:F000    s_XSEG
  0C:F0FF    s_XISEG



Hexadecimal

Area                               Addr   Size   Decimal Bytes (Attributes)
--------------------------------   ----   ----   ------- ----- ------------
.  .ABS.                           0000   0000 =      0. bytes (ABS,CON)

      Value  Global
   --------  --------------------------------
     0080    _P0
     0080    _P0_0
     0081    _P0_1
     0081    _SP
     0082    _DPL0
     0082    _P0_2
     0083    _DPH0
     0083    _P0_3
     0084    _DPL1
     0084    _P0_4
     0085    _DPH1
     0085    _P0_5
     0086    _P0_6
     0086    _U0CSR
     0087    _P0_7
     0087    _PCON
     0088    _IT0
     0088    _TCON
     0089    _P0IFG
     0089    _RFTXRXIF
     008A    _IT1
     008A    _P1IFG
     008B    _P2IFG
     008B    _URX0IF
     008C    _PICTL
     008D    _ADCIF
     008D    _P1IEN
     008E    __SFR8E
     008F    _P0INP
     008F    _URX1IF
     0090    _P1
     0090    _P1_0
     0091    _P1_1
     0091    _RFIM
     0092    _DPS
     0092    _P1_2
     0093    _MPAGE
     0093    _P1_3
     0093    __XPAGE
     0094    _P1_4
     0094    __SFR94
     0095    _P1_5
     0095    __SFR95
     0096    _P1_6
     0096    __SFR96
     0097    _P1_7
     0097    __SFR97
     0098    _ENCIF_0
     0098    _S0CON
     0099    _ENCIF_1
     0099    __SFR99
     009A    _IEN2
     009B    _S1CON
     009C    _T2CT
     009D    _T2PR
     009E    _T2CTL
     009F    __SFR9F
     00A0    _P2
     00A0    _P2_0
     00A1    _P2_1
     00A1    _WORIRQ
     00A2    _P2_2
     00A2    _WORCTRL
     00A3    _P2_3
     00A3    _WOREVT0
     00A4    _P2_4
     00A4    _WOREVT1
     00A5    _P2_5
     00A5    _WORTIME0
     00A6    _P2_6
     00A6    _WORTIME1
     00A7    _P2_7
     00A7    __SFRA7
     00A8    _IEN0
     00A8    _RFTXRXIE
     00A9    _ADCIE
     00A9    _IP0
     00AA    _URX0IE
     00AA    __SFRAA
     00AB    _FWT
     00AB    _URX1IE
     00AC    _ENCIE
     00AC    _FADDRL
     00AD    _FADDRH
     00AD    _STIE
     00AE    _FCTL
     00AF    _EA
     00AF    _FWDATA
     00B0    __SFRB0
     00B1    _ENCDI
     00B2    _ENCDO
     00B3    _ENCCS
     00B4    _ADCCON1
     00B5    _ADCCON2
     00B6    _ADCCON3
     00B7    __SFRB7
     00B8    _DMAIE
     00B8    _IEN1
     00B9    _IP1
     00B9    _T1IE
     00BA    _ADCL
     00BA    _T2IE
     00BB    _ADCH
     00BB    _T3IE
     00BC    _RNDL
     00BC    _T4IE
     00BD    _P0IE
     00BD    _RNDH
     00BE    _SLEEP
     00BF    __SFRBF
     00C0    _DMAIF
     00C0    _IRCON
     00C1    _T1IF
     00C1    _U0DBUF
     00C2    _T2IF
     00C2    _U0BAUD
     00C3    _T3IF
     00C3    __SFRC3
     00C4    _T4IF
     00C4    _U0UCR
     00C5    _P0IF
     00C5    _U0GCR
     00C6    _CLKCON
     00C7    _MEMCTR
     00C7    _STIF
     00C8    __SFRC8
     00C9    _WDCTL
     00CA    _T3CNT
     00CB    _T3CTL
     00CC    _T3CCTL0
     00CD    _T3CC0
     00CE    _T3CCTL1
     00CF    _T3CC1
     00D0    _P
     00D0    _PSW
     00D1    _DMAIRQ
     00D1    _F1
     00D2    _DMA1CFGL
     00D2    _OV
     00D3    _DMA1CFGH
     00D3    _RS0
     00D4    _DMA0CFGL
     00D4    _RS1
     00D5    _DMA0CFGH
     00D5    _F0
     00D6    _AC
     00D6    _DMAARM
     00D7    _CY
     00D7    _DMAREQ
     00D8    _T3OVFIF
     00D8    _TIMIF
     00D9    _RFD
     00D9    _T3CH0IF
     00DA    _T1CC0L
     00DA    _T3CH1IF
     00DB    _T1CC0H
     00DB    _T4OVFIF
     00DC    _T1CC1L
     00DC    _T4CH0IF
     00DD    _T1CC1H
     00DD    _T4CH1IF
     00DE    _OVFIM
     00DE    _T1CC2L
     00DF    _T1CC2H
     00E0    _ACC
     00E0    _ACC_0
     00E1    _ACC_1
     00E1    _RFST
     00E2    _ACC_2
     00E2    _T1CNTL
     00E3    _ACC_3
     00E3    _T1CNTH
     00E4    _ACC_4
     00E4    _T1CTL
     00E5    _ACC_5
     00E5    _T1CCTL0
     00E6    _ACC_6
     00E6    _T1CCTL1
     00E7    _ACC_7
     00E7    _T1CCTL2
     00E8    _IRCON2
     00E8    _P2IF
     00E9    _RFIF
     00E9    _UTX0IF
     00EA    _T4CNT
     00EA    _UTX1IF
     00EB    _P1IF
     00EB    _T4CTL
     00EC    _T4CCTL0
     00EC    _WDTIF
     00ED    _T4CC0
     00EE    _T4CCTL1
     00EF    _T4CC1
     00F0    _B
     00F0    _B_0
     00F1    _B_1
     00F1    _PERCFG
     00F2    _ADCCFG
     00F2    _B_2
     00F3    _B_3
     00F3    _P0SEL
     00F4    _B_4
     00F4    _P1SEL
     00F5    _B_5
     00F5    _P2SEL
     00F6    _B_6
     00F6    _P1INP
     00F7    _B_7
     00F7    _P2INP
     00F8    _ACTIVE
     00F8    _U1CSR
     00F9    _TX_BYTE
     00F9    _U1DBUF
     00FA    _RX_BYTE
     00FA    _U1BAUD
     00FB    _ERR
     00FB    _U1UCR
     00FC    _FE
     00FC    _U1GCR
     00FD    _P0DIR
     00FD    _SLAVE
     00FE    _P1DIR
     00FE    _RE
     00FF    _MODE
     00FF    _P2DIR
     DF00    _SYNC1
     DF01    _SYNC0
     DF02    _MDMCTRL0H
     DF02    _PKTLEN
     DF03    _PKTCTRL1
     DF04    _PKTCTRL0
     DF05    _ADDR
     DF06    _CHANNR
     DF07    _FSCTRL1
     DF08    _FSCTRL0
     DF09    _FREQ2
     DF0A    _FREQ1
     DF0B    _FREQ0
     DF0C    _MDMCFG4
     DF0D    _MDMCFG3
     DF0E    _MDMCFG2
     DF0F    _MDMCFG1
     DF10    _MDMCFG0
     DF11    _DEVIATN
     DF12    _MCSM2
     DF13    _MCSM1
     DF14    _MCSM0
     DF15    _FOCCFG
     DF16    _BSCFG
     DF17    _AGCCTRL2
     DF18    _AGCCTRL1
     DF19    _AGCCTRL0
     DF1A    _FREND1
     DF1B    _FREND0
     DF1C    _FSCAL3
     DF1D    _FSCAL2
     DF1E    _FSCAL1
     DF1F    _FSCAL0
     DF20    __XREGDF20
     DF21    __XREGDF21
     DF22    __XREGDF22
     DF23    _TEST2
     DF24    _TEST1
     DF25    _TEST0
     DF26    __XREGDF26
     DF27    _PA_TABLE7
     DF28    _PA_TABLE6
     DF29    _PA_TABLE5
     DF2A    _PA_TABLE4
     DF2B    _PA_TABLE3
     DF2C    _PA_TABLE2
     DF2D    _PA_TABLE1
     DF2E    _PA_TABLE0
     DF2F    _IOCFG2
     DF30    _IOCFG1
     DF31    _IOCFG0
     DF32    __XREGDF32
     DF33    __XREGDF33
     DF34    __XREGDF34
     DF35    __XREGDF35
     DF36    _PARTNUM
     DF37    _VERSION
     DF38    _FREQEST
     DF39    _LQI
     DF3A    _RSSI
     DF3B    _MARCSTATE
     DF3C    _PKTSTATUS
     DF3D    _VCO_VC_DAC
     DF40    _I2SCFG0
     DF41    _I2SCFG1
     DF42    _I2SDATL
     DF43    _I2SDATH
     DF44    _I2SWCNT
     DF45    _I2SSTAT
     DF46    _I2SCLKF0
     DF47    _I2SCLKF1
     DF48    _I2SCLKF2
     DF80    __NA_P0
     DF81    __NA_SP
     DF82    __NA_DPL0
     DF83    __NA_DPH0
     DF84    __NA_DPL1
     DF85    __NA_DPH1
     DF86    _X_U0CSR
     DF87    __NA_PCON
     DF88    __NA_TCON
     DF89    _X_P0IFG
     DF8A    _X_P1IFG
     DF8B    _X_P2IFG
     DF8C    _X_PICTL
     DF8D    _X_P1IEN
     DF8E    __X_SFR8E
     DF8F    _X_P0INP
     DF90    __NA_P1
     DF91    _X_RFIM
     DF92    __NA_DPS
     DF93    _X_MPAGE
     DF94    __X_SFR94
     DF95    __X_SFR95
     DF96    __X_SFR96
     DF97    __X_SFR97
     DF98    __NA_S0CON
     DF99    __X_SFR99
     DF9A    __NA_IEN2
     DF9B    __NA_S1CON
     DF9C    _X_T2CT
     DF9D    _X_T2PR
     DF9E    _X_T2CTL
     DF9F    __X_SFR9F
     DFA0    __NA_P2
     DFA1    _X_WORIRQ
     DFA2    _X_WORCTRL
     DFA3    _X_WOREVT0
     DFA4    _X_WOREVT1
     DFA5    _X_WORTIME0
     DFA6    _X_WORTIME1
     DFA7    __X_SFRA7
     DFA8    __NA_IEN0
     DFA9    __NA_IP0
     DFAA    __X_SFRAA
     DFAB    _X_FWT
     DFAC    _X_FADDRL
     DFAD    _X_FADDRH
     DFAE    _X_FCTL
     DFAF    _X_FWDATA
     DFB0    __X_SFRB0
     DFB1    _X_ENCDI
     DFB2    _X_ENCDO
     DFB3    _X_ENCCS
     DFB4    _X_ADCCON1
     DFB5    _X_ADCCON2
     DFB6    _X_ADCCON3
     DFB7    __X_SFRB7
     DFB8    __NA_IEN1
     DFB9    __NA_IP1
     DFBA    _X_ADCL
     DFBB    _X_ADCH
     DFBC    _X_RNDL
     DFBD    _X_RNDH
     DFBE    _X_SLEEP
     DFBF    __X_SFRBF
     DFC0    __NA_IRCON
     DFC1    _X_U0DBUF
     DFC2    _X_U0BAUD
     DFC3    __X_SFRC3
     DFC4    _X_U0UCR
     DFC5    _X_U0GCR
     DFC6    _X_CLKCON
     DFC7    _X_MEMCTR
     DFC8    __X_SFRC8
     DFC9    _X_WDCTL
     DFCA    _X_T3CNT
     DFCB    _X_T3CTL
     DFCC    _X_T3CCTL0
     DFCD    _X_T3CC0
     DFCE    _X_T3CCTL1
     DFCF    _X_T3CC1
     DFD0    __NA_PSW
     DFD1    _X_DMAIRQ
     DFD2    _X_DMA1CFGL
     DFD3    _X_DMA1CFGH
     DFD4    _X_DMA0CFGL
     DFD5    _X_DMA0CFGH
     DFD6    _X_DMAARM
     DFD7    _X_DMAREQ
     DFD8    _X_TIMIF
     DFD9    _X_RFD
     DFDA    _X_T1CC0L
     DFDB    _X_T1CC0H
     DFDC    _X_T1CC1L
     DFDD    _X_T1CC1H
     DFDE    _X_T1CC2L
     DFDF    _X_T1CC2H
     DFE0    __NA_ACC
     DFE1    _X_RFST
     DFE2    _X_T1CNTL
     DFE3    _X_T1CNTH
     DFE4    _X_T1CTL
     DFE5    _X_T1CCTL0
     DFE6    _X_T1CCTL1
     DFE7    _X_T1CCTL2
     DFE8    __NA_IRCON2
     DFE9    _X_RFIF
     DFEA    _X_T4CNT
     DFEB    _X_T4CTL
     DFEC    _X_T4CCTL0
     DFED    _X_T4CC0
     DFEE    _X_T4CCTL1
     DFEF    _X_T4CC1
     DFF0    __NA_B
     DFF1    _X_PERCFG
     DFF2    _X_ADCCFG
     DFF3    _X_P0SEL
     DFF4    _X_P1SEL
     DFF5    _X_P2SEL
     DFF6    _X_P1INP
     DFF7    _X_P2INP
     DFF8    _X_U1CSR
     DFF9    _X_U1DBUF
     DFFA    _X_U1BAUD
     DFFB    _X_U1UCR
     DFFC    _X_U1GCR
     DFFD    _X_P0DIR
     DFFE    _X_P1DIR
     DFFF    _X_P2DIR









Hexadecimal

Area                               Addr   Size   Decimal Bytes (Attributes)
--------------------------------   ----   ----   ------- ----- ------------
DSEG                               0000   0080 =    128. bytes (REL,CON)

      Value  Global
   --------  --------------------------------
     0009    _preamble
     000C    _rssi_offset
     000E    _sendllap_PARM_2

Hexadecimal

Area                               Addr   Size   Decimal Bytes (Attributes)
--------------------------------   ----   ----   ------- ----- ------------
OSEG                               001F   000B =     11. bytes (REL,OVR)

      Value  Global
   --------  --------------------------------
     001F    __divsint_PARM_2
     001F    __divuint_PARM_2
     001F    __gptrput_PARM_2
     001F    _memcpy_PARM_2
     001F    _strncmp_PARM_2
     0022    _memcpy_PARM_3
     0022    _strncmp_PARM_3
     0024    _memcpy_ret_1_1
     0024    _strncmp_sloc0_1_0
     0027    _memcpy_s_1_1


Hexadecimal

Area                               Addr   Size   Decimal Bytes (Attributes)
--------------------------------   ----   ----   ------- ----- ------------
SSEG                               002A   00D6 =    214. bytes (REL,OVR)

      Value  Global
   --------  --------------------------------
     002A    __start__stack





Hexadecimal

Area                               Addr   Size   Decimal Bytes (Attributes)
--------------------------------   ----   ----   ------- ----- ------------
HOME                               0000   000B =     11. bytes (REL,CON,CODE)

      Value  Global
   --------  --------------------------------
  0C:0006    __sdcc_program_startup

Hexadecimal

Area                               Addr   Size   Decimal Bytes (Attributes)
--------------------------------   ----   ----   ------- ----- ------------
GSINIT0                            000B   0003 =      3. bytes (REL,CON,CODE)

      Value  Global
   --------  --------------------------------
  0C:000B    __sdcc_gsinit_startup



Hexadecimal

Area                               Addr   Size   Decimal Bytes (Attributes)
--------------------------------   ----   ----   ------- ----- ------------
GSINIT3                            0018   0022 =     34. bytes (REL,CON,CODE)

      Value  Global
   --------  --------------------------------
  0C:0018    __mcs51_genXINIT

Hexadecimal

Area                               Addr   Size   Decimal Bytes (Attributes)
--------------------------------   ----   ----   ------- ----- ------------
GSINIT4                            003A   002A =     42. bytes (REL,CON,CODE)

      Value  Global
   --------  --------------------------------
  0C:003A    __mcs51_genRAMCLEAR
  0C:0040    __mcs51_genXRAMCLEAR




Hexadecimal

Area                               Addr   Size   Decimal Bytes (Attributes)
--------------------------------   ----   ----   ------- ----- ------------
CSEG                               0070   077A =   1914. bytes (REL,CON,CODE)

      Value  Global
   --------  --------------------------------
  0C:0070    _delay
  0C:009C    _nibble_to_char
  0C:00AF    _cons_putc
  0C:00BB    _cons_puts
  0C:00E6    _cons_putsln
  0C:00F2    _cons_puthex8
  0C:0111    _cons_puthex16
  0C:0166    _convert_rssi
  0C:01B4    _switchchange
  0C:01FD    _rftxrx_isr
  0C:0248    _sendpacket
  0C:027E    _sendllap
  0C:02E5    _getpacket
  0C:0521    _radio_init
  0C:062C    _main
  0C:0679    _strncmp
  0C:06F8    _memcpy
  0C:0750    __gptrput
  0C:0769    __divuint
  0C:0792    __gptrget
  0C:07AE    __divsint
  0C:07E6    __sdcc_external_startup


ASxxxx Linker V01.75 + NoICE + SDCC Feb 1999,  page 1.

Files Linked      [ module(s) ]

radio.rel       

Libraries Linked            [   object  file   ]

/usr/bin/../share/sdcc/lib/small/libsdcc.lib    [     _strncmp.rel ]
/usr/bin/../share/sdcc/lib/small/mcs51.lib    [     crtclear.rel ]
/usr/bin/../share/sdcc/lib/small/libsdcc.lib    [      _memcpy.rel ]
/usr/bin/../share/sdcc/lib/small/mcs51.lib    [     crtxinit.rel ]
/usr/bin/../share/sdcc/lib/small/libsdcc.lib    [     _gptrput.rel ]
/usr/bin/../share/sdcc/lib/small/mcs51.lib    [    crtxclear.rel ]
/usr/bin/../share/sdcc/lib/small/libint.lib    [     _divuint.rel ]
/usr/bin/../share/sdcc/lib/small/mcs51.lib    [     crtstart.rel ]
/usr/bin/../share/sdcc/lib/small/libsdcc.lib    [     _gptrget.rel ]
/usr/bin/../share/sdcc/lib/small/libint.lib    [     _divsint.rel ]
/usr/bin/../share/sdcc/lib/small/libsdcc.lib    [     _startup.rel ]

ASxxxx Linker V01.75 + NoICE + SDCC Feb 1999,  page 2.

User Base Address Definitions

HOME = 0x0000
XSEG = 0xf000
PSEG = 0xf000
ISEG = 0x0000
BSEG = 0x0000

